

processing file: Colombia_compare_models_2cat.Rmd
1/38                                        
2/38 [setup]                                
3/38                                        
4/38 [load-packages]                        
5/38                                        
6/38 [source-functions]                     
7/38                                        
8/38 [define-data-locations]                
9/38                                        
10/38 [load-and-preprocess-data]             
11/38                                        
12/38 [setup-ordlog-directories]             
13/38                                        
14/38 [compile-stan-model]                   
15/38                                        
16/38 [fit-on-training-data]                 
17/38                                        
18/38 [setup-creditmodel-directories-v251223]
19/38                                        
20/38 [compile-stan-model-v251223]           
21/38                                        
22/38 [cm-fit-on-training-data-v251223]      
23/38                                        
24/38 [setup-creditmodel-directories-v251224]
25/38                                        
26/38 [compile-stan-model-3]                 
27/38                                        
28/38 [cm-fit-on-training-data-v251224]      
29/38                                        
30/38 [setup-pcm-directories-v251224]        
31/38                                        
32/38 [compile-stan-model-pcm-v251224]       
33/38                                        
34/38 [pcm-fit-on-training-data-v251224]     
35/38                                        
36/38 [model-comparison-loo]                 
37/38                                        
38/38 [session-info]                         
output file: Colombia_compare_models_2cat.knit.md

/opt/homebrew/bin/pandoc +RTS -K512m -RTS Colombia_compare_models_2cat.knit.md --to html4 --from markdown+autolink_bare_uris+tex_math_single_backslash --output /Users/or105/git/bIRTistic/vignettes/Colombia_compare_models_2cat.html --lua-filter /Library/Frameworks/R.framework/Versions/4.5-arm64/Resources/library/bookdown/rmarkdown/lua/custom-environment.lua --lua-filter /Library/Frameworks/R.framework/Versions/4.5-arm64/Resources/library/rmarkdown/rmarkdown/lua/pagebreak.lua --lua-filter /Library/Frameworks/R.framework/Versions/4.5-arm64/Resources/library/rmarkdown/rmarkdown/lua/latex-div.lua --lua-filter /Library/Frameworks/R.framework/Versions/4.5-arm64/Resources/library/rmarkdown/rmarkdown/lua/table-classes.lua --embed-resources --standalone --wrap preserve --variable bs3=TRUE --section-divs --table-of-contents --toc-depth 3 --variable toc_float=1 --variable toc_selectors=h1,h2,h3 --variable toc_collapsed=1 --variable toc_smooth_scroll=1 --variable toc_print=1 --template /Library/Frameworks/R.framework/Versions/4.5-arm64/Resources/library/rmarkdown/rmd/h/default.html --highlight-style tango --number-sections --variable theme=bootstrap --mathjax --variable 'mathjax-url=https://mathjax.rstudio.com/latest/MathJax.js?config=TeX-AMS-MML_HTMLorMML' --include-in-header /var/folders/s0/kcvthvlx3vj5djt3wt0_7s180000gp/T//Rtmp6r9NOw/rmarkdown-str1422873a50c1e.html 
[WARNING] Deprecated: --highlight-style. Use --syntax-highlighting instead.

Output created: vignettes/Colombia_compare_models_2cat.html
There were 14 warnings (use warnings() to see them)
